%!Adobe-FontList 1.25
%Locale:0x409

%BeginFont
Handler:DirectoryHandler
FontType:TrueType
FontName:DelaGothicOne-Regular
FamilyName:Dela Gothic One
StyleName:Regular
FullName:Dela Gothic One Regular
MenuName:Dela Gothic One
StyleBits:0
FamilyNameNative:Dela Gothic One
StyleNameNative:Regular
FullNameNative:Dela Gothic One Regular
WritingScript:Japanese
OutlineFileName:C:\Users\lohan\Documents\A3\Code\Blog\Font\DelaGothicOne-Regular.ttf
DataFormat:sfntData
hasSVG:no
hasCOLR:no
VariableFontType:NonVariableFont
FileLength:2487960
FileModTime:1764578344
WeightClass:400
WidthClass:5
AngleClass:0
NameArray:0,Win,1,Dela Gothic One
%EndFont

